node.exe : FAIL routes/tasks.test.js
At line:1 char:1
+ & "C:\Program Files\nodejs/node.exe" "C:\Program 
Files\nodejs/node_mo ...
+ ~~~~~~~~~~~~~~~~~~~~~~~~~~~~~~~~~~~~~~~~~~~~~~~~~~
~~~~~~~~~~~~~~~~~~~
    + CategoryInfo          : NotSpecified: (FAIL r 
   outes/tasks.test.js:String) [], RemoteException
    + FullyQualifiedErrorId : NativeCommandError
 
  ΓùÅ Test suite failed to run

    Cannot find module 'multer-storage-cloudinary' 
from 'utils/cloudinary.js'

    Require stack:
      utils/cloudinary.js
      routes/upload.js
      index.js
      routes/tasks.test.js

    [0m [90m 1 |[39m [36mconst[39m cloudinary 
[33m=[39m require([32m'cloudinary'[39m)[33m.[3
9mv2[33m;[39m
    [31m[1m>[22m[39m[90m 2 |[39m 
[36mconst[39m { [33mCloudinaryStorage[39m } 
[33m=[39m require([32m'multer-storage-cloudinary'
[39m)[33m;[39m
     [90m   |[39m                               
[31m[1m^[22m[39m
     [90m 3 |[39m [36mconst[39m multer 
[33m=[39m require([32m'multer'[39m)[33m;[39m
     [90m 4 |[39m
     [90m 5 |[39m [90m// Configure 
Cloudinary[39m[0m

      at Resolver._throwModNotFoundError 
(node_modules/jest-resolve/build/index.js:863:11)
      at Object.require (utils/cloudinary.js:2:31)
      at Object.require (routes/upload.js:3:32)
      at Object.require (index.js:41:24)
      at Object.require (routes/tasks.test.js:2:13)

FAIL routes/auth.test.js
  ΓùÅ Test suite failed to run

    Cannot find module 'multer-storage-cloudinary' 
from 'utils/cloudinary.js'

    Require stack:
      utils/cloudinary.js
      routes/upload.js
      index.js
      routes/auth.test.js

    [0m [90m 1 |[39m [36mconst[39m cloudinary 
[33m=[39m require([32m'cloudinary'[39m)[33m.[3
9mv2[33m;[39m
    [31m[1m>[22m[39m[90m 2 |[39m 
[36mconst[39m { [33mCloudinaryStorage[39m } 
[33m=[39m require([32m'multer-storage-cloudinary'
[39m)[33m;[39m
     [90m   |[39m                               
[31m[1m^[22m[39m
     [90m 3 |[39m [36mconst[39m multer 
[33m=[39m require([32m'multer'[39m)[33m;[39m
     [90m 4 |[39m
     [90m 5 |[39m [90m// Configure 
Cloudinary[39m[0m

      at Resolver._throwModNotFoundError 
(node_modules/jest-resolve/build/index.js:863:11)
      at Object.require (utils/cloudinary.js:2:31)
      at Object.require (routes/upload.js:3:32)
      at Object.require (index.js:41:24)
      at Object.require (routes/auth.test.js:2:13)

PASS utils/graph.test.js

Test Suites: 2 failed, 1 passed, 3 total
Tests:       5 passed, 5 total
Snapshots:   0 total
Time:        2.412 s
Ran all test suites.
